﻿[dotenv@17.3.1] injecting env (5) from .env -- tip: ≡ƒ¢á∩╕Å  run anywhere with `dotenvx run -- yourcommand`
[DEBUG DB CONFIG]
DB_USER provided: No
DB_HOST provided: No
DATABASE_URL provided: Yes
≡ƒº¬ Starting Distance Matching Test...

--- 0. Debugging Schema ---
Available columns in "users" table: user_id, username, email, email_verified, password_hash, full_name, avatar_url, bio, location, reputation_score, status, ban_until, is_locked, role, gender, dob, created_at, latitude, longitude, instance_id, id, aud, role, email, encrypted_password, email_confirmed_at, invited_at, confirmation_token, confirmation_sent_at, recovery_token, recovery_sent_at, email_change_token_new, email_change, email_change_sent_at, last_sign_in_at, raw_app_meta_data, raw_user_meta_data, is_super_admin, created_at, updated_at, phone, phone_confirmed_at, phone_change, phone_change_token, phone_change_sent_at, confirmed_at, email_change_token_current, email_change_confirm_status, banned_until, reauthentication_token, reauthentication_sent_at, is_sso_user, deleted_at, is_anonymous
User A: TestUserA (Hanoi) at (21.0285, 105.8542)
User B: TestUserB (Hanoi Nearby) at (21.05, 105.88)
User C: TestUserC (HCMC) at (10.7626, 106.6602)

--- 2. Testing Distance Calculation ---
Distance A-B: 3.59 km
Distance A-C: 1144.75 km

--- 3. Testing Match Scores ---

>>> Match A <-> B (Nearby) <<<

≡ƒÜÇ [MatchEngine] Using ENHANCED matching (3-Tier Funnel)
node : Test failed: 
Error: User undefined 
not found in database
At line:1 char:1
+ node src/scripts/test
DistanceMatching.js > 
test_output.txt 2>&1
+ ~~~~~~~~~~~~~~~~~~~~~
~~~~~~~~~~~~~~~~~~~~~~~
~~~~~~~~~~~~~~~~~~~
    + CategoryInfo     
         : NotSpecifi  
  ed: (Test failed:    
 Er...und in databa    
se:String) [], Rem    
oteException
    + FullyQualifiedEr 
   rorId : NativeComm  
  andError
 
    at MatchingEngine._
getUserFullData (C:\Use
rs\Admin\Documents\GitH
ub\backend\backend\src\
services\matchEngine.js
:143:13)
    at process.processT
icksAndRejections (node
:internal/process/task_
queues:103:5)
    at async MatchingEn
gine.calculateMatchScor
e (C:\Users\Admin\Docum
ents\GitHub\backend\bac
kend\src\services\match
Engine.js:30:25)
    at async runTest (C
:\Users\Admin\Documents
\GitHub\backend\backend
\src\scripts\testDistan
ceMatching.js:64:21)
